// Jest Snapshot v1, https://goo.gl/fbAQLP

exports[`createStore store.subscribe should add function as subscriber 1`] = `
Array [
  Array [],
  Array [],
  Array [],
]
`;
